src/app/wholesale/page.tsx(88,35): error TS2322: Type '{ children: string; href: string; className: string; }' is not assignable to type 'IntrinsicAttributes & LinkProps & RefAttributes<HTMLAnchorElement>'.
  Property 'href' does not exist on type 'IntrinsicAttributes & LinkProps & RefAttributes<HTMLAnchorElement>'. Did you mean 'ref'?
src/components/GiftItems.tsx(13,5): error TS2554: Expected 4 arguments, but got 3.
src/components/HomeClient.tsx(80,7): error TS2554: Expected 4 arguments, but got 3.
src/components/HomeClient.tsx(132,16): error TS2552: Cannot find name 'motion'. Did you mean 'Option'?
src/components/HomeClient.tsx(150,17): error TS2552: Cannot find name 'motion'. Did you mean 'Option'?
src/components/HomeClient.tsx(158,12): error TS2552: Cannot find name 'motion'. Did you mean 'Option'?
src/components/HomeClient.tsx(167,13): error TS2552: Cannot find name 'motion'. Did you mean 'Option'?
src/components/HomeClient.tsx(384,20): error TS2304: Cannot find name 'motion'.
src/components/HomeClient.tsx(421,21): error TS2304: Cannot find name 'motion'.
src/components/HomeClient.tsx(454,16): error TS2552: Cannot find name 'motion'. Did you mean 'Option'?
src/components/HomeClient.tsx(455,18): error TS2304: Cannot find name 'motion'.
src/components/HomeClient.tsx(472,19): error TS2304: Cannot find name 'motion'.
src/components/HomeClient.tsx(482,17): error TS2552: Cannot find name 'motion'. Did you mean 'Option'?
src/components/HomeClient.tsx(483,16): error TS2552: Cannot find name 'motion'. Did you mean 'Option'?
src/components/HomeClient.tsx(484,18): error TS2304: Cannot find name 'motion'.
src/components/HomeClient.tsx(501,19): error TS2304: Cannot find name 'motion'.
src/components/HomeClient.tsx(511,17): error TS2552: Cannot find name 'motion'. Did you mean 'Option'?
src/components/HomeClient.tsx(512,16): error TS2304: Cannot find name 'motion'.
src/components/HomeClient.tsx(513,18): error TS2304: Cannot find name 'motion'.
src/components/HomeClient.tsx(530,19): error TS2304: Cannot find name 'motion'.
src/components/HomeClient.tsx(541,17): error TS2304: Cannot find name 'motion'.
src/components/HomeClient.tsx(561,14): error TS2552: Cannot find name 'motion'. Did you mean 'Option'?
src/components/HomeClient.tsx(563,15): error TS2552: Cannot find name 'motion'. Did you mean 'Option'?
src/components/ShopClient.tsx(104,7): error TS2554: Expected 4 arguments, but got 3.
src/components/ui/MotionPrimitives.tsx(5,3): error TS2305: Module '"../../animations/variants"' has no exported member 'paragraphVariant'.
src/components/ui/MotionPrimitives.tsx(6,3): error TS2305: Module '"../../animations/variants"' has no exported member 'containerVariant'.
src/pages/FaqPage.tsx(159,17): error TS2322: Type '{ children: string; href: string; className: string; }' is not assignable to type 'IntrinsicAttributes & LinkProps & RefAttributes<HTMLAnchorElement>'.
  Property 'href' does not exist on type 'IntrinsicAttributes & LinkProps & RefAttributes<HTMLAnchorElement>'. Did you mean 'ref'?
src/pages/OrderStatusPage.tsx(62,43): error TS2339: Property 'paymentStatus' does not exist on type '{ success: boolean; message?: string | undefined; data: any; }'.
src/pages/OrderStatusPage.tsx(68,30): error TS2339: Property 'canRetry' does not exist on type '{ success: boolean; message?: string | undefined; data: any; }'.
src/pages/user/EditUserProfile.tsx(398,38): error TS2345: Argument of type '{ type: "home"; addressLine1: string; pincode: string; countryCode: string; mobile: string; isDefault: false; }' is not assignable to parameter of type 'SetStateAction<{ type: "other" | "home" | "work"; addressLine1: string; city: string; state: string; pincode: string; countryCode: string; mobile: string; isDefault: boolean; }>'.
  Type '{ type: "home"; addressLine1: string; pincode: string; countryCode: string; mobile: string; isDefault: false; }' is missing the following properties from type '{ type: "other" | "home" | "work"; addressLine1: string; city: string; state: string; pincode: string; countryCode: string; mobile: string; isDefault: boolean; }': city, state
