[INFO] 2026-07-09T11:28:58.638Z: Connecting to MongoDB...
[INFO] 2026-07-09T11:29:00.200Z: ✅ Email Transporter Initialized & Verified
[INFO] 2026-07-09T11:29:00.794Z: ✅ MongoDB Connected: ac-iaexiuc-shard-00-00.drjbrbn.mongodb.net
[INFO] 2026-07-09T11:29:01.222Z: 
========================================
[INFO] 2026-07-09T11:29:01.222Z: 🧀 LE PONDICHERRY CHEESE API SERVER
[INFO] 2026-07-09T11:29:01.223Z: ========================================
[INFO] 2026-07-09T11:29:01.223Z: 🚀 Server running on port 5000
[INFO] 2026-07-09T11:29:01.224Z: 📍 Environment: production
[INFO] 2026-07-09T11:29:01.224Z: 🔗 API URL: http://localhost:5000
[INFO] 2026-07-09T11:29:01.224Z: ========================================

[INFO] 2026-07-09T11:29:14.199Z: [Order] Creating session for samdev0418@gmail.com, amount: 232
[INFO] 2026-07-09T11:29:14.200Z: Creating Cashfree Order with: {
  "order_id": "ORD-1783596554199-817",
  "order_amount": 232,
  "order_currency": "INR",
  "customer_details": {
    "customer_id": "69b7eb192a5dbe8b7c199f4e",
    "customer_name": "achariya",
    "customer_email": "samdev0418@gmail.com",
    "customer_phone": "8778377449"
  },
  "order_meta": {
    "return_url": "https://lepondicheese.com/checkout/status?order_id={order_id}"
  }
}
[INFO] 2026-07-09T11:29:33.464Z: [Order] Creating session for samdev0418@gmail.com, amount: 232
[INFO] 2026-07-09T11:29:33.467Z: Creating Cashfree Order with: {
  "order_id": "ORD-1783596573464-686",
  "order_amount": 232,
  "order_currency": "INR",
  "customer_details": {
    "customer_id": "69b7eb192a5dbe8b7c199f4e",
    "customer_name": "achariya",
    "customer_email": "samdev0418@gmail.com",
    "customer_phone": "8778377449"
  },
  "order_meta": {
    "return_url": "https://lepondicheese.com/checkout/status?order_id={order_id}"
  }
}
[INFO] 2026-07-09T11:30:35.057Z: Connecting to MongoDB...
[INFO] 2026-07-09T11:30:36.456Z: ✅ Email Transporter Initialized & Verified
[INFO] 2026-07-09T11:30:36.806Z: ✅ MongoDB Connected: ac-iaexiuc-shard-00-00.drjbrbn.mongodb.net
[UNCAUGHT EXCEPTION] 2026-07-09T11:30:37.133Z: Error: listen EADDRINUSE: address already in use :::5000
    at Server.setupListenHandle [as _listen2] (node:net:1940:16)
    at listenInCluster (node:net:1997:12)
    at Server.listen (node:net:2102:7)
    at app.listen (E:\AGOC\LeCheesePondicherry\server\node_modules\express\lib\application.js:635:24)
    at startServer (E:\AGOC\LeCheesePondicherry\server\server.js:220:9)
    at process.processTicksAndRejections (node:internal/process/task_queues:103:5)
[INFO] 2026-07-09T11:33:24.559Z: Connecting to MongoDB...
[INFO] 2026-07-09T11:33:25.488Z: ✅ MongoDB Connected: ac-iaexiuc-shard-00-00.drjbrbn.mongodb.net
[INFO] 2026-07-09T11:33:25.596Z: ✅ Email Transporter Initialized & Verified
[INFO] 2026-07-09T11:33:25.759Z: 
========================================
[INFO] 2026-07-09T11:33:25.759Z: 🧀 LE PONDICHERRY CHEESE API SERVER
[INFO] 2026-07-09T11:33:25.760Z: ========================================
[INFO] 2026-07-09T11:33:25.760Z: 🚀 Server running on port 5000
[INFO] 2026-07-09T11:33:25.760Z: 📍 Environment: production
[INFO] 2026-07-09T11:33:25.761Z: 🔗 API URL: http://localhost:5000
[INFO] 2026-07-09T11:33:25.761Z: ========================================

[INFO] 2026-07-09T11:33:40.323Z: [Order] Creating session for samdev0418@gmail.com, amount: 232
[INFO] 2026-07-09T11:33:40.324Z: Creating Cashfree Order with: {
  "order_id": "ORD-1783596820322-814",
  "order_amount": 232,
  "order_currency": "INR",
  "customer_details": {
    "customer_id": "69b7eb192a5dbe8b7c199f4e",
    "customer_name": "achariya",
    "customer_email": "samdev0418@gmail.com",
    "customer_phone": "8778377449"
  },
  "order_meta": {
    "return_url": "https://lepondicheese.com/checkout/status?order_id={order_id}"
  }
}
[INFO] 2026-07-13T11:48:53.873Z: Connecting to MongoDB...
[INFO] 2026-07-13T11:48:55.133Z: ✅ Email Transporter Initialized & Verified
[INFO] 2026-07-13T11:48:55.527Z: ✅ MongoDB Connected: ac-iaexiuc-shard-00-00.drjbrbn.mongodb.net
[INFO] 2026-07-13T11:48:55.694Z: 
========================================
[INFO] 2026-07-13T11:48:55.694Z: 🧀 LE PONDICHERRY CHEESE API SERVER
[INFO] 2026-07-13T11:48:55.694Z: ========================================
[INFO] 2026-07-13T11:48:55.695Z: 🚀 Server running on port 5000
[INFO] 2026-07-13T11:48:55.695Z: 📍 Environment: production
[INFO] 2026-07-13T11:48:55.695Z: 🔗 API URL: http://localhost:5000
[INFO] 2026-07-13T11:48:55.695Z: ========================================

[INFO] 2026-07-13T12:03:53.437Z: Connecting to MongoDB...
[INFO] 2026-07-13T12:03:53.968Z: ✅ MongoDB Connected: ac-iaexiuc-shard-00-00.drjbrbn.mongodb.net
[INFO] 2026-07-13T12:03:54.218Z: 
========================================
[INFO] 2026-07-13T12:03:54.218Z: 🧀 LE PONDICHERRY CHEESE API SERVER
[INFO] 2026-07-13T12:03:54.219Z: ========================================
[INFO] 2026-07-13T12:03:54.219Z: 🚀 Server running on port 5000
[INFO] 2026-07-13T12:03:54.219Z: 📍 Environment: production
[INFO] 2026-07-13T12:03:54.219Z: 🔗 API URL: http://localhost:5000
[INFO] 2026-07-13T12:03:54.219Z: ========================================

[INFO] 2026-07-13T12:03:54.482Z: ✅ Email Transporter Initialized & Verified
[INFO] 2026-07-13T12:04:04.872Z: Connecting to MongoDB...
[INFO] 2026-07-13T12:04:05.355Z: ✅ MongoDB Connected: ac-iaexiuc-shard-00-00.drjbrbn.mongodb.net
[INFO] 2026-07-13T12:04:05.603Z: 
========================================
[INFO] 2026-07-13T12:04:05.607Z: 🧀 LE PONDICHERRY CHEESE API SERVER
[INFO] 2026-07-13T12:04:05.609Z: ========================================
[INFO] 2026-07-13T12:04:05.609Z: 🚀 Server running on port 5000
[INFO] 2026-07-13T12:04:05.609Z: 📍 Environment: production
[INFO] 2026-07-13T12:04:05.610Z: 🔗 API URL: http://localhost:5000
[INFO] 2026-07-13T12:04:05.610Z: ========================================

[INFO] 2026-07-13T12:04:05.980Z: ✅ Email Transporter Initialized & Verified
[INFO] 2026-07-13T12:04:11.827Z: Connecting to MongoDB...
[INFO] 2026-07-13T12:04:12.311Z: ✅ MongoDB Connected: ac-iaexiuc-shard-00-00.drjbrbn.mongodb.net
[INFO] 2026-07-13T12:04:12.574Z: 
========================================
[INFO] 2026-07-13T12:04:12.597Z: 🧀 LE PONDICHERRY CHEESE API SERVER
[INFO] 2026-07-13T12:04:12.613Z: ========================================
[INFO] 2026-07-13T12:04:12.656Z: 🚀 Server running on port 5000
[INFO] 2026-07-13T12:04:12.687Z: 📍 Environment: production
[INFO] 2026-07-13T12:04:12.694Z: 🔗 API URL: http://localhost:5000
[INFO] 2026-07-13T12:04:12.739Z: ========================================

[INFO] 2026-07-13T12:04:13.178Z: ✅ Email Transporter Initialized & Verified
[INFO] 2026-08-03T10:45:39.999Z: Connecting to MongoDB...
[INFO] 2026-08-03T10:45:42.269Z: Connecting to MongoDB...
[INFO] 2026-08-03T10:45:42.820Z: ✅ MongoDB Connected: ac-iaexiuc-shard-00-00.drjbrbn.mongodb.net
[INFO] 2026-08-03T10:45:43.357Z: 
========================================
[INFO] 2026-08-03T10:45:43.358Z: 🧀 LE PONDICHERRY CHEESE API SERVER
[INFO] 2026-08-03T10:45:43.358Z: ========================================
[INFO] 2026-08-03T10:45:43.358Z: 🚀 Server running on port 5000
[INFO] 2026-08-03T10:45:43.358Z: 📍 Environment: production
[INFO] 2026-08-03T10:45:43.358Z: 🔗 API URL: http://localhost:5000
[INFO] 2026-08-03T10:45:43.359Z: ========================================

[INFO] 2026-08-03T10:45:43.517Z: ✅ Email Transporter Initialized & Verified via Nodemailer SMTP
[ERROR] 2026-08-03T10:46:04.687Z: Auth middleware error: jwt expired
[ERROR] 2026-08-03T10:58:50.252Z: Auth middleware error: jwt expired
[ERROR] 2026-08-03T10:58:50.385Z: Auth middleware error: jwt expired
[INFO] 2026-08-03T10:59:02.990Z: Connecting to MongoDB...
[INFO] 2026-08-03T10:59:05.593Z: Connecting to MongoDB...
[INFO] 2026-08-03T10:59:06.151Z: ✅ MongoDB Connected: ac-iaexiuc-shard-00-00.drjbrbn.mongodb.net
[INFO] 2026-08-03T10:59:06.455Z: 
========================================
[INFO] 2026-08-03T10:59:06.456Z: 🧀 LE PONDICHERRY CHEESE API SERVER
[INFO] 2026-08-03T10:59:06.456Z: ========================================
[INFO] 2026-08-03T10:59:06.456Z: 🚀 Server running on port 5000
[INFO] 2026-08-03T10:59:06.457Z: 📍 Environment: production
[INFO] 2026-08-03T10:59:06.457Z: 🔗 API URL: http://localhost:5000
[INFO] 2026-08-03T10:59:06.457Z: ========================================

[INFO] 2026-08-03T10:59:06.612Z: ✅ Email Transporter Initialized & Verified via Nodemailer SMTP
[INFO] 2026-08-03T10:59:55.148Z: 📨 Mode: nodemailer. Routing via direct SMTP...
[INFO] 2026-08-03T10:59:57.925Z: ✅ Email sent via SMTP to sabariks092@gmail.com
[INFO] 2026-08-03T11:04:43.994Z: 📨 Mode: nodemailer. Routing via direct SMTP...
[INFO] 2026-08-03T11:04:46.814Z: ✅ Email sent via SMTP to sabariks092@gmail.com
[INFO] 2026-08-03T11:07:21.988Z: 📨 Mode: nodemailer. Routing via direct SMTP...
[INFO] 2026-08-03T11:07:25.750Z: ✅ Email sent via SMTP to accounts@lepondicheese.com,vp.expansions@hopemarket.in,webdeveloper@achariya.org
[INFO] 2026-08-03T11:14:40.556Z: 📨 Mode: nodemailer. Routing via direct SMTP...
[INFO] 2026-08-03T11:14:43.134Z: ✅ Email sent via SMTP to accounts@lepondicheese.com,vp.expansions@hopemarket.in,webdeveloper@achariya.org
[INFO] 2026-08-03T11:19:40.417Z: 🔄 Updating Product ID: 69b392940c3b07931b9f7f19
[INFO] 2026-08-03T11:19:40.419Z: 📦 Request Body onHold: [33mfalse[39m
[INFO] 2026-08-03T11:19:40.452Z: ✔️ Final updateData.onHold: [33mfalse[39m
[INFO] 2026-08-03T11:19:40.453Z: 📍 ID 69b392940c3b07931b9f7f19: Explicitly setting onHold to: [33mfalse[39m
[INFO] 2026-08-03T11:20:39.773Z: [Order] Creating session for sabariks092@gmail.com, amount: 51
[INFO] 2026-08-03T11:20:39.774Z: Creating Cashfree Order with: {
  "order_id": "ORD-1785756039773-297",
  "order_amount": 51,
  "order_currency": "INR",
  "customer_details": {
    "customer_id": "6a707599a73744e2c8a887b5",
    "customer_name": "Sabari kannan",
    "customer_email": "sabariks092@gmail.com",
    "customer_phone": "8778377449"
  },
  "order_meta": {
    "return_url": "https://lepondicheese.com/checkout/status?order_id={order_id}"
  }
}
